[templates.stillidea.net/delight/index.html]
[backblue.gif]
[fade.gif]
[index.html]
[templates.stillidea.net/delight/css/icons.css]
[templates.stillidea.net/delight/css/responsive.css]
[templates.stillidea.net/delight/css/color.css]
[templates.stillidea.net/delight/steps-form.html]
[templates.stillidea.net/delight/contacts.html]
[templates.stillidea.net/delight/form-builder.html]
[templates.stillidea.net/delight/tour.html]
[templates.stillidea.net/delight/extra-options.html]
[templates.stillidea.net/delight/images/notification1.jpg]
[templates.stillidea.net/delight/mail-open.html]
[templates.stillidea.net/delight/css/materialize.min.css]
[templates.stillidea.net/delight/images/notification2.jpg]
[templates.stillidea.net/delight/images/notification3.jpg]
[templates.stillidea.net/delight/mail.html]
[templates.stillidea.net/delight/profile.html]
[templates.stillidea.net/delight/dynamic-gallery.html]
[templates.stillidea.net/delight/tasks.html]
[templates.stillidea.net/delight/css/style.css]
[templates.stillidea.net/delight/login.html]
[templates.stillidea.net/delight/index2.html]
[templates.stillidea.net/delight/index3.html]
[templates.stillidea.net/delight/rounded.html]
[templates.stillidea.net/delight/rtl.html]
[templates.stillidea.net/delight/charts.html]
[templates.stillidea.net/delight/dark-sidemenu.html]
[templates.stillidea.net/delight/dynamic-calendar.html]
[templates.stillidea.net/delight/datatables.html]
[templates.stillidea.net/delight/forms.html]
[templates.stillidea.net/delight/editor.html]
[templates.stillidea.net/delight/maps.html]
[templates.stillidea.net/delight/accordions.html]
[templates.stillidea.net/delight/icons2.html]
[templates.stillidea.net/delight/alerts.html]
[templates.stillidea.net/delight/calculator.html]
[templates.stillidea.net/delight/icons.html]
[templates.stillidea.net/delight/modals.html]
[templates.stillidea.net/delight/simple-gallery.html]
[templates.stillidea.net/delight/sliders.html]
[templates.stillidea.net/delight/sortable.html]
[templates.stillidea.net/delight/syntax.html]
[templates.stillidea.net/delight/compose.html]
[templates.stillidea.net/delight/register.html]
[templates.stillidea.net/delight/forget.html]
[templates.stillidea.net/delight/404.html]
[templates.stillidea.net/delight/blog-detail.html]
[templates.stillidea.net/delight/blog.html]
[templates.stillidea.net/delight/js/jquery.min.js]
[templates.stillidea.net/delight/js/sparkline.js]
[templates.stillidea.net/delight/js/materialize.min.js]
[templates.stillidea.net/delight/js/morris.js]
[templates.stillidea.net/delight/js/enscroll-0.5.2.min.js]
[templates.stillidea.net/delight/js/animate-headline.js]
[templates.stillidea.net/delight/js/slick.min.js]
[templates.stillidea.net/delight/js/skycons.js]
[templates.stillidea.net/delight/js/amcharts.js]
[templates.stillidea.net/delight/js/script.js]
[templates.stillidea.net/delight/index.html]
[templates.stillidea.net/delight/js/isotope.js]
[templates.stillidea.net/delight/css/materialize.min.css]
[templates.stillidea.net/delight/css/fonts/themify9f24.eot]
[templates.stillidea.net/delight/css/fonts/themifyd41d.eot]
[templates.stillidea.net/delight/css/fonts/themify9f24.woff]
[templates.stillidea.net/delight/css/fonts/themify9f24.ttf]
[templates.stillidea.net/delight/css/icons.css]
[templates.stillidea.net/delight/images/breadcrumb.jpg]
[templates.stillidea.net/delight/images/bg2.jpg]
[templates.stillidea.net/delight/images/bg1.jpg]
[templates.stillidea.net/delight/images/bg3.jpg]
[templates.stillidea.net/delight/css/fonts/themify9f24.svg]
[templates.stillidea.net/delight/images/404-bg.png]
[templates.stillidea.net/delight/css/fonts/slickd41d.eot]
[templates.stillidea.net/delight/css/fonts/slick.woff]
[templates.stillidea.net/delight/css/fonts/slick.ttf]
[templates.stillidea.net/delight/css/fonts/slick.svg]
[templates.stillidea.net/delight/css/style.css]
[templates.stillidea.net/delight/css/responsive.css]
[templates.stillidea.net/delight/css/color.css]
[templates.stillidea.net/delight/steps-form.html]
[templates.stillidea.net/delight/images/contact1.jpg]
[templates.stillidea.net/delight/images/contact2.jpg]
[templates.stillidea.net/delight/images/contact3.jpg]
[templates.stillidea.net/delight/images/contact4.jpg]
[templates.stillidea.net/delight/images/contact5.jpg]
[templates.stillidea.net/delight/contacts.html]
[templates.stillidea.net/delight/js/sortable.js]
[templates.stillidea.net/delight/form-builder.html]
[templates.stillidea.net/delight/js/jquery.steps.min.js]
[templates.stillidea.net/delight/js/impromptu.js]
[templates.stillidea.net/delight/tour.html]
[templates.stillidea.net/delight/js/tour-init.js]
[templates.stillidea.net/delight/js/loan-calculator.js]
[templates.stillidea.net/delight/js/survey.js]
[templates.stillidea.net/delight/extra-options.html]
[templates.stillidea.net/delight/js/manage.js]
[templates.stillidea.net/delight/images/default-avatar.jpg]
[templates.stillidea.net/delight/mail-open.html]
[templates.stillidea.net/delight/mail.html]
[templates.stillidea.net/delight/profile.html]
[templates.stillidea.net/delight/js/jquery.hideseek.min.js]
[templates.stillidea.net/delight/dynamic-gallery.html]
[templates.stillidea.net/delight/tasks.html]
[templates.stillidea.net/delight/login.html]
[templates.stillidea.net/delight/images/admin.jpg]
[templates.stillidea.net/delight/images/sender1.jpg]
[templates.stillidea.net/delight/js/fileupload.js]
[templates.stillidea.net/delight/js/form-builder.js]
[templates.stillidea.net/delight/js/chat.js]
[templates.stillidea.net/delight/index2.html]
[templates.stillidea.net/delight/index3.html]
[templates.stillidea.net/delight/rounded.html]
[templates.stillidea.net/delight/css/rtl.css]
[templates.stillidea.net/delight/rtl.html]
[templates.stillidea.net/delight/dark-sidemenu.html]
[templates.stillidea.net/delight/charts.html]
[templates.stillidea.net/delight/dynamic-calendar.html]
[templates.stillidea.net/delight/js/fullcalendar.js]
[templates.stillidea.net/delight/editor.html]
[templates.stillidea.net/delight/js/easyeditor.js]
[templates.stillidea.net/delight/datatables.html]
[templates.stillidea.net/delight/forms.html]
[templates.stillidea.net/delight/icons.html]
[templates.stillidea.net/delight/icons2.html]
[templates.stillidea.net/delight/maps.html]
[templates.stillidea.net/delight/accordions.html]
[templates.stillidea.net/delight/alerts.html]
[templates.stillidea.net/delight/js/calculator.js]
[templates.stillidea.net/delight/calculator.html]
[templates.stillidea.net/delight/modals.html]
[templates.stillidea.net/delight/images/portfolio1.jpg]
[templates.stillidea.net/delight/js/rickshaw.js]
[templates.stillidea.net/delight/js/datatable.js]
[templates.stillidea.net/delight/images/portfolio2.jpg]
[templates.stillidea.net/delight/images/portfolio3.jpg]
[templates.stillidea.net/delight/js/jquery-jvectormap-2.0.3.min.js]
[templates.stillidea.net/delight/images/portfolio4.jpg]
[templates.stillidea.net/delight/images/portfolio5.jpg]
[templates.stillidea.net/delight/images/portfolio6.jpg]
[templates.stillidea.net/delight/js/simpleLightbox.min.js]
[templates.stillidea.net/delight/simple-gallery.html]
[templates.stillidea.net/delight/sliders.html]
[templates.stillidea.net/delight/sortable.html]
[templates.stillidea.net/delight/js/syntax.js]
[templates.stillidea.net/delight/syntax.html]
[templates.stillidea.net/delight/js/multiple-emails.js]
[templates.stillidea.net/delight/compose.html]
[templates.stillidea.net/delight/register.html]
[templates.stillidea.net/delight/forget.html]
[templates.stillidea.net/delight/404.html]
[templates.stillidea.net/delight/images/revive-post1.jpg]
[templates.stillidea.net/delight/images/revive-post2.jpg]
[templates.stillidea.net/delight/images/revive-post3.jpg]
[templates.stillidea.net/delight/images/revive-post4.jpg]
[templates.stillidea.net/delight/images/revive-post5.jpg]
[templates.stillidea.net/delight/images/revive-post6.jpg]
[templates.stillidea.net/delight/blog.html]
[templates.stillidea.net/delight/images/blog-detail.jpg]
[templates.stillidea.net/delight/images/blog-detail3.jpg]
[templates.stillidea.net/delight/images/author.jpg]
[templates.stillidea.net/delight/blog-detail.html]
[templates.stillidea.net/delight/fonts/roboto/Roboto-Thin.html]
[templates.stillidea.net/delight/fonts/roboto/Roboto-Thin-2.html]
[templates.stillidea.net/delight/fonts/roboto/Roboto-Light.html]
[templates.stillidea.net/delight/fonts/roboto/Roboto-Light-2.html]
[templates.stillidea.net/delight/fonts/roboto/Roboto-Regular.html]
[templates.stillidea.net/delight/fonts/roboto/Roboto-Regular-2.html]
[templates.stillidea.net/delight/fonts/roboto/Roboto-Medium.html]
[templates.stillidea.net/delight/fonts/roboto/Roboto-Medium-2.html]
[templates.stillidea.net/delight/fonts/roboto/Roboto-Bold.html]
[templates.stillidea.net/delight/fonts/roboto/Roboto-Bold-2.html]
[templates.stillidea.net/delight/css/fonts/themify9f24.svg]
[templates.stillidea.net/delight/images/bg4.html]
[templates.stillidea.net/delight/css/fonts/slick.svg]
[templates.stillidea.net/delight/img/progressbar.html]
[templates.stillidea.net/delight/img/loading.html]
[templates.stillidea.net/delight/img/error.html]
[templates.stillidea.net/delight/img/play-pause.html]
[templates.stillidea.net/delight/img/error-2.html]
[templates.stillidea.net/delight/img/play-pause-2.html]
[templates.stillidea.net/delight/img/video-play.html]
[templates.stillidea.net/delight/img/video-play-2.html]
[templates.stillidea.net/delight/css/rtl.css]
[templates.stillidea.net/delight/css/fonts/slick.eot]
